
> multi-viewer@0.0.0 build
> ng build

npm : [33mWarning:[0m Entry point 'ngx-swiper-wrapper' contains deep imports 
into 'C:/Users/Erik/source/repos/MultiViewer/node_modules/ngx-swiper-wrapper/no
de_modules/swiper/dist/js/swiper.js'. This is probably not a problem, but may c
ause the compilation of entry points to be out of order.
At line:1 char:94
+ ... d c:\Users\Erik\source\repos\MultiViewer ; npm run build 2>&1 | Tee-O ...
+                                                ~~~~~~~~~~~~~~~~~~
    + CategoryInfo          : NotSpecified: ([33mWarning:[...e out of order. 
   :String) [], RemoteException
    + FullyQualifiedErrorId : NativeCommandError
 
Generating ES5 bundles for differential loading...
ES5 bundle generation complete.

chunk {polyfills-es5} polyfills-es5.js, polyfills-es5.js.map (polyfills-es5) 849 kB [initial] [rendered]
chunk {polyfills} polyfills-es2015.js, polyfills-es2015.js.map (polyfills) 301 kB [initial] [rendered]
chunk {main} main-es2015.js, main-es2015.js.map (main) 439 kB [initial] [rendered]
chunk {main} main-es5.js, main-es5.js.map (main) 506 kB [initial] [rendered]
chunk {vendor} vendor-es2015.js, vendor-es2015.js.map (vendor) 14.5 MB [initial] [rendered]
chunk {vendor} vendor-es5.js, vendor-es5.js.map (vendor) 17.6 MB [initial] [rendered]
chunk {runtime} runtime-es2015.js, runtime-es2015.js.map (runtime) 6.16 kB [entry] [rendered]
chunk {runtime} runtime-es5.js, runtime-es5.js.map (runtime) 6.16 kB [entry] [rendered]
chunk {styles} styles-es2015.js, styles-es2015.js.map (styles) 168 kB [initial] [rendered]
chunk {styles} styles-es5.js, styles-es5.js.map (styles) 170 kB [initial] [rendered]
Date: 2026-03-06T20:19:14.959Z - Hash: 0efe56cc5630573553d2 - Time: 20737ms

WARNING in C:\Users\Erik\source\repos\MultiViewer\src\environments\environment.
prod.ts is part of the TypeScript compilation but it's unused.
Add only entry points to the 'files' or 'include' properties in your tsconfig.

WARNING in C:\Users\Erik\source\repos\MultiViewer\src\app\websocket.service.ts 
depends on 'socket.io-client'. CommonJS or AMD dependencies can cause optimizat
ion bailouts.
For more info see: https://angular.io/guide/build#configuring-commonjs-dependen
cies

WARNING in C:\Users\Erik\source\repos\MultiViewer\node_modules\ng2-dragula\__iv
y_ngcc__\dist\fesm2015\ng2-dragula.js depends on 'dragula'. CommonJS or AMD dep
endencies can cause optimization bailouts.
For more info see: https://angular.io/guide/build#configuring-commonjs-dependen
cies
